RFC3647

= Section 1 title matches: introduction
= Section 1.1 title matches: overview
= Section 1.2 title matches: document name and identification
+ Section 1.2.1 (revisions) not found in sections dictionary
= Section 1.3 title matches: pki participants
= Section 1.3.1 title matches: certification authorities
= Section 1.3.2 title matches: registration authorities
= Section 1.3.3 title matches: subscribers
= Section 1.3.4 title matches: relying parties
= Section 1.3.5 title matches: other participants
= Section 1.4 title matches: certificate usage
= Section 1.4.1 title matches: appropriate certificate uses
= Section 1.4.2 title matches: prohibited certificate uses
= Section 1.5 title matches: policy administration
= Section 1.5.1 title matches: organization administering the document
= Section 1.5.2 title matches: contact person
= Section 1.5.3 title matches: person determining cps suitability for the policy
= Section 1.5.4 title matches: cps approval procedures
= Section 1.6 title matches: definitions and acronyms
+ Section 1.6.1 (definitions) not found in sections dictionary
+ Section 1.6.2 (acronyms) not found in sections dictionary
= Section 2 title matches: publication and repository responsibilities
= Section 2.1 title matches: repositories
<> Section 2.2 title mismatch. Found: publication of information, Expected: publication of certification information
= Section 2.3 title matches: time or frequency of publication
= Section 2.4 title matches: access controls on repositories
= Section 3 title matches: identification and authentication
= Section 3.1 title matches: naming
= Section 3.1.1 title matches: types of names
= Section 3.1.2 title matches: need for names to be meaningful
= Section 3.1.3 title matches: anonymity or pseudonymity of subscribers
= Section 3.1.4 title matches: rules for interpreting various name forms
= Section 3.1.5 title matches: uniqueness of names
= Section 3.1.6 title matches: recognition, authentication, and role of trademarks
= Section 3.2 title matches: initial identity validation
= Section 3.2.1 title matches: method to prove possession of private key
<> Section 3.2.2 title mismatch. Found: authentication of organization and domain identity, Expected: authentication of organization identity
+ Section 3.2.2.1 (identity) not found in sections dictionary
+ Section 3.2.2.2 (dba/tradename) not found in sections dictionary
+ Section 3.2.2.3 (verification of country) not found in sections dictionary
+ Section 3.2.2.4 (validation of domain authorization or control) not found in sections dictionary
+ Section 3.2.2.4.1 (validating the applicant as a domain contact) not found in sections dictionary
+ Section 3.2.2.4.2 (email, fax, sms, or postal mail to domain contact) not found in sections dictionary
+ Section 3.2.2.4.3 (phone contact with domain contact) not found in sections dictionary
+ Section 3.2.2.4.4 (constructed email to domain contact) not found in sections dictionary
+ Section 3.2.2.4.5 (domain authorization document) not found in sections dictionary
+ Section 3.2.2.4.6 (agreed-upon change to website) not found in sections dictionary
+ Section 3.2.2.4.7 (dns change) not found in sections dictionary
+ Section 3.2.2.4.8 (ip address) not found in sections dictionary
+ Section 3.2.2.4.9 (test certificate) not found in sections dictionary
+ Section 3.2.2.4.10 (tls using a random number) not found in sections dictionary
+ Section 3.2.2.4.11 (any other method) not found in sections dictionary
+ Section 3.2.2.4.12 (validating applicant as a domain contact) not found in sections dictionary
+ Section 3.2.2.4.13 (email to dns caa contact) not found in sections dictionary
+ Section 3.2.2.4.14 (email to dns txt contact) not found in sections dictionary
+ Section 3.2.2.4.15 (phone contact with domain contact) not found in sections dictionary
+ Section 3.2.2.4.16 (phone contact with dns txt record phone contact) not found in sections dictionary
+ Section 3.2.2.4.17 (phone contact with dns caa phone contact) not found in sections dictionary
+ Section 3.2.2.4.18 (agreed-upon change to website v2) not found in sections dictionary
+ Section 3.2.2.4.19 (agreed-upon change to website - acme) not found in sections dictionary
+ Section 3.2.2.4.20 (tls using alpn) not found in sections dictionary
+ Section 3.2.2.5 (authentication for an ip address) not found in sections dictionary
+ Section 3.2.2.5.1 (agreed-upon change to website) not found in sections dictionary
+ Section 3.2.2.5.2 (email, fax, sms, or postal mail to ip address contact) not found in sections dictionary
+ Section 3.2.2.5.3 (reverse address lookup) not found in sections dictionary
+ Section 3.2.2.5.4 (any other method) not found in sections dictionary
+ Section 3.2.2.5.5 (phone contact with ip address contact) not found in sections dictionary
+ Section 3.2.2.5.6 (acme "http-01" method for ip addresses) not found in sections dictionary
+ Section 3.2.2.5.7 (acme "tls-alpn-01" method for ip addresses) not found in sections dictionary
+ Section 3.2.2.6 (wildcard domain validation) not found in sections dictionary
+ Section 3.2.2.7 (data source accuracy) not found in sections dictionary
+ Section 3.2.2.8 (caa records) not found in sections dictionary
+ Section 3.2.2.9 (authentication of email address) not found in sections dictionary
+ Section 3.2.2.9.1 (validating authority over mailbox via domain) not found in sections dictionary
+ Section 3.2.2.9.2 (validating control over mailbox via email) not found in sections dictionary
+ Section 3.2.2.9.3 (validating applicant as operator of associated mail server(s)) not found in sections dictionary
+ Section 3.2.2.10 (authentication of registered trademark) not found in sections dictionary
= Section 3.2.3 title matches: authentication of individual identity
= Section 3.2.4 title matches: non-verified subscriber information
= Section 3.2.5 title matches: validation of authority
<> Section 3.2.6 title mismatch. Found: criteria for interoperation or certification, Expected: criteria for interoperation
= Section 3.3 title matches: identification and authentication for re-key requests
= Section 3.3.1 title matches: identification and authentication for routine re-key
= Section 3.3.2 title matches: identification and authentication for re-key after revocation
= Section 3.4 title matches: identification and authentication for revocation request
= Section 4 title matches: certificate life-cycle operational requirements
= Section 4.1 title matches: certificate application
= Section 4.1.1 title matches: who can submit a certificate application
= Section 4.1.2 title matches: enrollment process and responsibilities
= Section 4.2 title matches: certificate application processing
= Section 4.2.1 title matches: performing identification and authentication functions
+ Section 4.2.1.1 (applicant communication) not found in sections dictionary
+ Section 4.2.1.2 (validated information reuse) not found in sections dictionary
+ Section 4.2.1.3 (high risk certificate requests) not found in sections dictionary
+ Section 4.2.1.4 (subscriber private key verification) not found in sections dictionary
= Section 4.2.2 title matches: approval or rejection of certificate applications
= Section 4.2.3 title matches: time to process certificate applications
+ Section 4.2.4 (certification authority authorization (caa) records) not found in sections dictionary
= Section 4.3 title matches: certificate issuance
= Section 4.3.1 title matches: ca actions during certificate issuance
= Section 4.3.2 title matches: notification to subscriber by the ca of issuance of certificate
= Section 4.4 title matches: certificate acceptance
= Section 4.4.1 title matches: conduct constituting certificate acceptance
= Section 4.4.2 title matches: publication of the certificate by the ca
= Section 4.4.3 title matches: notification of certificate issuance by the ca to other entities
= Section 4.5 title matches: key pair and certificate usage
= Section 4.5.1 title matches: subscriber private key and certificate usage
= Section 4.5.2 title matches: relying party public key and certificate usage
= Section 4.6 title matches: certificate renewal
= Section 4.6.1 title matches: circumstance for certificate renewal
= Section 4.6.2 title matches: who may request renewal
= Section 4.6.3 title matches: processing certificate renewal requests
= Section 4.6.4 title matches: notification of new certificate issuance to subscriber
= Section 4.6.5 title matches: conduct constituting acceptance of a renewal certificate
= Section 4.6.6 title matches: publication of the renewal certificate by the ca
= Section 4.6.7 title matches: notification of certificate issuance by the ca to other entities
= Section 4.7 title matches: certificate re-key
= Section 4.7.1 title matches: circumstance for certificate re-key
= Section 4.7.2 title matches: who may request certification of a new public key
= Section 4.7.3 title matches: processing certificate re-keying requests
= Section 4.7.4 title matches: notification of new certificate issuance to subscriber
= Section 4.7.5 title matches: conduct constituting acceptance of a re-keyed certificate
= Section 4.7.6 title matches: publication of the re-keyed certificate by the ca
= Section 4.7.7 title matches: notification of certificate issuance by the ca to other entities
= Section 4.8 title matches: certificate modification
= Section 4.8.1 title matches: circumstance for certificate modification
= Section 4.8.2 title matches: who may request certificate modification
= Section 4.8.3 title matches: processing certificate modification requests
= Section 4.8.4 title matches: notification of new certificate issuance to subscriber
= Section 4.8.5 title matches: conduct constituting acceptance of modified certificate
= Section 4.8.6 title matches: publication of the modified certificate by the ca
= Section 4.8.7 title matches: notification of certificate issuance by the ca to other entities
= Section 4.9 title matches: certificate revocation and suspension
= Section 4.9.1 title matches: circumstances for revocation
+ Section 4.9.1.1 (reasons for revoking a subscriber certificate) not found in sections dictionary
+ Section 4.9.1.2 (reasons for revoking a subordinate ca certificate) not found in sections dictionary
= Section 4.9.2 title matches: who can request revocation
= Section 4.9.3 title matches: procedure for revocation request
= Section 4.9.4 title matches: revocation request grace period
= Section 4.9.5 title matches: time within which ca must process the revocation request
= Section 4.9.6 title matches: revocation checking requirement for relying parties
<> Section 4.9.7 title mismatch. Found: crl issuance frequency, Expected: crl issuance frequency (if applicable)
= Section 4.9.8 title matches: maximum latency for crls (if applicable)
= Section 4.9.9 title matches: on-line revocation/status checking availability
= Section 4.9.10 title matches: on-line revocation checking requirements
= Section 4.9.11 title matches: other forms of revocation advertisements available
= Section 4.9.12 title matches: special requirements re key compromise
= Section 4.9.13 title matches: circumstances for suspension
= Section 4.9.14 title matches: who can request suspension
= Section 4.9.15 title matches: procedure for suspension request
= Section 4.9.16 title matches: limits on suspension period
= Section 4.10 title matches: certificate status services
= Section 4.10.1 title matches: operational characteristics
= Section 4.10.2 title matches: service availability
= Section 4.10.3 title matches: optional features
= Section 4.11 title matches: end of subscription
= Section 4.12 title matches: key escrow and recovery
= Section 4.12.1 title matches: key escrow and recovery policy and practices
= Section 4.12.2 title matches: session key encapsulation and recovery policy and practices
= Section 5 title matches: facility, management, and operational controls
<> Section 5.1 title mismatch. Found: physical security controls, Expected: physical controls
= Section 5.1.1 title matches: site location and construction
= Section 5.1.2 title matches: physical access
= Section 5.1.3 title matches: power and air conditioning
= Section 5.1.4 title matches: water exposures
= Section 5.1.5 title matches: fire prevention and protection
= Section 5.1.6 title matches: media storage
= Section 5.1.7 title matches: waste disposal
= Section 5.1.8 title matches: off-site backup
= Section 5.2 title matches: procedural controls
= Section 5.2.1 title matches: trusted roles
= Section 5.2.2 title matches: number of persons required per task
= Section 5.2.3 title matches: identification and authentication for each role
= Section 5.2.4 title matches: roles requiring separation of duties
= Section 5.3 title matches: personnel controls
= Section 5.3.1 title matches: qualifications, experience, and clearance requirements
= Section 5.3.2 title matches: background check procedures
= Section 5.3.3 title matches: training requirements
= Section 5.3.4 title matches: retraining frequency and requirements
= Section 5.3.5 title matches: job rotation frequency and sequence
= Section 5.3.6 title matches: sanctions for unauthorized actions
= Section 5.3.7 title matches: independent contractor requirements
= Section 5.3.8 title matches: documentation supplied to personnel
= Section 5.4 title matches: audit logging procedures
= Section 5.4.1 title matches: types of events recorded
= Section 5.4.2 title matches: frequency of processing log
= Section 5.4.3 title matches: retention period for audit log
= Section 5.4.4 title matches: protection of audit log
= Section 5.4.5 title matches: audit log backup procedures
= Section 5.4.6 title matches: audit collection system (internal vs. external)
= Section 5.4.7 title matches: notification to event-causing subject
= Section 5.4.8 title matches: vulnerability assessments
= Section 5.5 title matches: records archival
= Section 5.5.1 title matches: types of records archived
= Section 5.5.2 title matches: retention period for archive
= Section 5.5.3 title matches: protection of archive
= Section 5.5.4 title matches: archive backup procedures
= Section 5.5.5 title matches: requirements for time-stamping of records
= Section 5.5.6 title matches: archive collection system (internal or external)
= Section 5.5.7 title matches: procedures to obtain and verify archive information
= Section 5.6 title matches: key changeover
= Section 5.7 title matches: compromise and disaster recovery
= Section 5.7.1 title matches: incident and compromise handling procedures
= Section 5.7.2 title matches: computing resources, software, and/or data are corrupted
= Section 5.7.3 title matches: entity private key compromise procedures
= Section 5.7.4 title matches: business continuity capabilities after a disaster
= Section 5.8 title matches: ca or ra termination
= Section 6 title matches: technical security controls
= Section 6.1 title matches: key pair generation and installation
= Section 6.1.1 title matches: key pair generation
+ Section 6.1.1.1 (ca key pair generation) not found in sections dictionary
+ Section 6.1.1.2 (ra key pair generation) not found in sections dictionary
+ Section 6.1.1.3 (subscriber key pair generation) not found in sections dictionary
= Section 6.1.2 title matches: private key delivery to subscriber
= Section 6.1.3 title matches: public key delivery to certificate issuer
= Section 6.1.4 title matches: ca public key delivery to relying parties
= Section 6.1.5 title matches: key sizes
= Section 6.1.6 title matches: public key parameters generation and quality checking
= Section 6.1.7 title matches: key usage purposes (as per x.509 v3 key usage field)
= Section 6.2 title matches: private key protection and cryptographic module engineering controls
= Section 6.2.1 title matches: cryptographic module standards and controls
= Section 6.2.2 title matches: private key (n out of m) multi-person control
= Section 6.2.3 title matches: private key escrow
= Section 6.2.4 title matches: private key backup
= Section 6.2.5 title matches: private key archival
= Section 6.2.6 title matches: private key transfer into or from a cryptographic module
= Section 6.2.7 title matches: private key storage on cryptographic module
= Section 6.2.8 title matches: method of activating private key
= Section 6.2.9 title matches: method of deactivating private key
= Section 6.2.10 title matches: method of destroying private key
= Section 6.2.11 title matches: cryptographic module rating
= Section 6.3 title matches: other aspects of key pair management
= Section 6.3.1 title matches: public key archival
= Section 6.3.2 title matches: certificate operational periods and key pair usage periods
= Section 6.4 title matches: activation data
= Section 6.4.1 title matches: activation data generation and installation
= Section 6.4.2 title matches: activation data protection
= Section 6.4.3 title matches: other aspects of activation data
= Section 6.5 title matches: computer security controls
= Section 6.5.1 title matches: specific computer security technical requirements
= Section 6.5.2 title matches: computer security rating
= Section 6.6 title matches: life cycle technical controls
= Section 6.6.1 title matches: system development controls
= Section 6.6.2 title matches: security management controls
= Section 6.6.3 title matches: life cycle security controls
= Section 6.7 title matches: network security controls
= Section 6.8 title matches: time-stamping
= Section 7 title matches: certificate, crl, and ocsp profiles
= Section 7.1 title matches: certificate profile
= Section 7.1.1 title matches: version number(s)
= Section 7.1.2 title matches: certificate extensions
+ Section 7.1.2.1 (root ca certificate) not found in sections dictionary
+ Section 7.1.2.2 (subordinate ca certificate) not found in sections dictionary
+ Section 7.1.2.3 (subscriber certificate) not found in sections dictionary
+ Section 7.1.2.4 (all certificates) not found in sections dictionary
+ Section 7.1.2.5 (application of rfc 5280) not found in sections dictionary
= Section 7.1.3 title matches: algorithm object identifiers
+ Section 7.1.3.1 (subjectpublickeyinfo) not found in sections dictionary
+ Section 7.1.3.2 (signature algorithmidentifier) not found in sections dictionary
= Section 7.1.4 title matches: name forms
+ Section 7.1.4.1 (name encoding) not found in sections dictionary
+ Section 7.1.4.2 (subject information - subscriber certificates) not found in sections dictionary
+ Section 7.1.4.3 (subscriber certificate common name attribute) not found in sections dictionary
+ Section 7.1.4.4 (other subject attributes) not found in sections dictionary
= Section 7.1.5 title matches: name constraints
= Section 7.1.6 title matches: certificate policy object identifier
+ Section 7.1.6.1 (root ca certificates) not found in sections dictionary
+ Section 7.1.6.2 (subordinate ca certificates) not found in sections dictionary
+ Section 7.1.6.3 (subscriber certificates) not found in sections dictionary
= Section 7.1.7 title matches: usage of policy constraints extension
= Section 7.1.8 title matches: policy qualifiers syntax and semantics
= Section 7.1.9 title matches: processing semantics for the critical certificate policies extension
+ Section 7.1.10 (precertificate profile) not found in sections dictionary
= Section 7.2 title matches: crl profile
= Section 7.2.1 title matches: version number(s)
= Section 7.2.2 title matches: crl and crl entry extensions
+ Section 7.2.2.1 (crl issuing distribution point) not found in sections dictionary
= Section 7.3 title matches: ocsp profile
= Section 7.3.1 title matches: version number(s)
= Section 7.3.2 title matches: ocsp extensions
= Section 8 title matches: compliance audit and other assessments
= Section 8.1 title matches: frequency or circumstances of assessment
= Section 8.2 title matches: identity/qualifications of assessor
= Section 8.3 title matches: assessor's relationship to assessed entity
= Section 8.4 title matches: topics covered by assessment
= Section 8.5 title matches: actions taken as a result of deficiency
= Section 8.6 title matches: communication of results
+ Section 8.7 (self-audits) not found in sections dictionary
= Section 9 title matches: other business and legal matters
= Section 9.1 title matches: fees
= Section 9.1.1 title matches: certificate issuance or renewal fees
= Section 9.1.2 title matches: certificate access fees
= Section 9.1.3 title matches: revocation or status information access fees
= Section 9.1.4 title matches: fees for other services
= Section 9.1.5 title matches: refund policy
= Section 9.2 title matches: financial responsibility
= Section 9.2.1 title matches: insurance coverage
= Section 9.2.2 title matches: other assets
= Section 9.2.3 title matches: insurance or warranty coverage for end-entities
= Section 9.3 title matches: confidentiality of business information
= Section 9.3.1 title matches: scope of confidential information
= Section 9.3.2 title matches: information not within the scope of confidential information
= Section 9.3.3 title matches: responsibility to protect confidential information
= Section 9.4 title matches: privacy of personal information
= Section 9.4.1 title matches: privacy plan
= Section 9.4.2 title matches: information treated as private
= Section 9.4.3 title matches: information not deemed private
= Section 9.4.4 title matches: responsibility to protect private information
= Section 9.4.5 title matches: notice and consent to use private information
= Section 9.4.6 title matches: disclosure pursuant to judicial or administrative process
= Section 9.4.7 title matches: other information disclosure circumstances
= Section 9.5 title matches: intellectual property rights
= Section 9.6 title matches: representations and warranties
= Section 9.6.1 title matches: ca representations and warranties
= Section 9.6.2 title matches: ra representations and warranties
= Section 9.6.3 title matches: subscriber representations and warranties
= Section 9.6.4 title matches: relying party representations and warranties
= Section 9.6.5 title matches: representations and warranties of other participants
= Section 9.7 title matches: disclaimers of warranties
= Section 9.8 title matches: limitations of liability
= Section 9.9 title matches: indemnities
+ Section 9.9.1 (indemnification by cas) not found in sections dictionary
+ Section 9.9.2 (indemnification for relying parties) not found in sections dictionary
+ Section 9.9.3 (indemnification by subscribers) not found in sections dictionary
= Section 9.10 title matches: term and termination
= Section 9.10.1 title matches: term
= Section 9.10.2 title matches: termination
= Section 9.10.3 title matches: effect of termination and survival
= Section 9.11 title matches: individual notices and communications with participants
= Section 9.12 title matches: amendments
= Section 9.12.1 title matches: procedure for amendment
= Section 9.12.2 title matches: notification mechanism and period
= Section 9.12.3 title matches: circumstances under which oid must be changed
= Section 9.13 title matches: dispute resolution provisions
= Section 9.14 title matches: governing law
= Section 9.15 title matches: compliance with applicable law
= Section 9.16 title matches: miscellaneous provisions
= Section 9.16.1 title matches: entire agreement
= Section 9.16.2 title matches: assignment
= Section 9.16.3 title matches: severability
= Section 9.16.4 title matches: enforcement (attorneys' fees and waiver of rights)
= Section 9.16.5 title matches: force majeure
= Section 9.17 title matches: other provisions
+ Section 9.17.1 (conflict of provisions) not found in sections dictionary
+ Section 9.17.2 (fiduciary relationships) not found in sections dictionary
+ Section 9.17.3 (waiver) not found in sections dictionary
+ Section 9.17.4 (interpretation) not found in sections dictionary
+ Section Appendix (a - certificate profiles) not found in sections dictionary
! Section Root (level 1) does not match header level 2
+ Section Root (ca certificate) not found in sections dictionary
! Section Cross (level 1) does not match header level 2
+ Section Cross (certificate or subordinate ca certificate) not found in sections dictionary
! Section Technically (level 1) does not match header level 2
+ Section Technically (constrained subordinate ca certificate) not found in sections dictionary
! Section OV (level 1) does not match header level 2
+ Section OV (tls certificate) not found in sections dictionary
! Section EV (level 1) does not match header level 2
+ Section EV (tls certificate) not found in sections dictionary
! Section Client (level 1) does not match header level 2
+ Section Client (authentication certificate) not found in sections dictionary
! Section Code (level 1) does not match header level 2
+ Section Code (signing certificate) not found in sections dictionary
! Section EV (level 1) does not match header level 2
+ Section EV (code signing certificate) not found in sections dictionary
! Section S/MIME (level 1) does not match header level 2
+ Section S/MIME (class 1 certificate) not found in sections dictionary
! Section S/MIME (level 1) does not match header level 2
+ Section S/MIME (class 2 certificate) not found in sections dictionary
! Section Document (level 1) does not match header level 2
+ Section Document (signing certificate) not found in sections dictionary
! Section Time-Stamp (level 1) does not match header level 2
+ Section Time-Stamp (certificate) not found in sections dictionary
! Section Verified (level 1) does not match header level 2
+ Section Verified (mark certificate) not found in sections dictionary
! Section Government (level 1) does not match header level 2
+ Section Government (mark certificate) not found in sections dictionary
! Section Mark (level 1) does not match header level 2
+ Section Mark (certificate) not found in sections dictionary
+ Section Appendix (b - subordinate ca certificates) not found in sections dictionary
+ Section Appendix (c - vmc terms of use ("vmc terms")) not found in sections dictionary
